{
    "sarscov2 - fastq - single_end": {
        "content": [
            [
                [
                    {
                        "id": "group-1",
                        "group": "1",
                        "single_end": true,
                        "assembler": "megahit_coassembly",
                        "mink": "21",
                        "maxk": "141"
                    },
                    "group-1.contigs.fa.gz:md5,a916da100469759d482ef4bab9227df3"
                ],
                [
                    {
                        "id": "group-1",
                        "group": "1",
                        "single_end": true,
                        "assembler": "penguin_coassembly"
                    },
                    "group-1.fasta.gz:md5,5fcfe9ad8721ca1bdd2826a7193a764e"
                ]
            ],
            [
                [
                    {
                        "id": "group-1",
                        "group": "1",
                        "single_end": true,
                        "assembler": "megahit_coassembly"
                    },
                    "group-1.gfa.gz:md5,4a3300dd2ce80a3a1ddf44346a6bc2b9"
                ],
                [
                    {
                        "id": "test1",
                        "group": "1",
                        "single_end": true,
                        "assembler": "megahit_single"
                    },
                    "test1.gfa.gz:md5,617ff12a7a83eebe21ce38eb199309d5"
                ],
                [
                    {
                        "id": "test2",
                        "group": "1",
                        "single_end": true,
                        "assembler": "megahit_single"
                    },
                    "test2.gfa.gz:md5,617ff12a7a83eebe21ce38eb199309d5"
                ]
            ],
            [
                "versions.yml:md5,0f6c13d714f06c72ec4d2c1d826cde3d",
                "versions.yml:md5,3dd125d7dfc9d974f05284344bcc4332",
                "versions.yml:md5,9549e86557bb75c5efd49c755ba8d0e9",
                "versions.yml:md5,9549e86557bb75c5efd49c755ba8d0e9",
                "versions.yml:md5,c24023dec295e94b9ffc0481993af2ab",
                "versions.yml:md5,c24023dec295e94b9ffc0481993af2ab",
                "versions.yml:md5,f4dda6dc8b98419bd6adf3fd65938f1c"
            ]
        ],
        "meta": {
            "nf-test": "0.9.0",
            "nextflow": "24.04.4"
        },
        "timestamp": "2024-09-09T09:29:01.350224602"
    },
    "sarscov2 - fastq - paired_end - scaffolds": {
        "content": [
            [
                [
                    {
                        "id": "group-1",
                        "group": "1",
                        "single_end": false,
                        "assembler": "megahit_coassembly",
                        "mink": "21",
                        "maxk": "141"
                    },
                    "group-1.contigs.fa.gz:md5,da40ccf271166ccfc233e70adb0a23ae"
                ],
                [
                    {
                        "id": "group-1",
                        "group": "1",
                        "single_end": false,
                        "assembler": "penguin_coassembly"
                    },
                    "group-1.fasta.gz:md5,fcca93c83faefb62ef5377f6ac1a359a"
                ],
                [
                    {
                        "id": "group-1",
                        "group": "1",
                        "single_end": false,
                        "assembler": "spades_coassembly",
                        "mink": "",
                        "maxk": ""
                    },
                    "group-1.scaffolds.fa.gz:md5,998806d5d2b1eb69a65a382ada0d3d4a"
                ]
            ],
            [
                [
                    {
                        "id": "group-1",
                        "group": "1",
                        "single_end": false,
                        "assembler": "megahit_coassembly"
                    },
                    "group-1.gfa.gz:md5,d4584dba4434d9f211c245590bdaf66d"
                ],
                [
                    {
                        "id": "group-1",
                        "group": "1",
                        "single_end": false,
                        "assembler": "spades_coassembly"
                    },
                    "group-1.assembly.gfa.gz:md5,cd910f74924befb5baf9f78019f8b5fd"
                ],
                [
                    {
                        "id": "test1",
                        "group": "1",
                        "single_end": false,
                        "assembler": "megahit_single"
                    },
                    "test1.gfa.gz:md5,ab7bc2030a891ed81a3f96a78e5b9f50"
                ],
                [
                    {
                        "id": "test1",
                        "group": "1",
                        "single_end": false,
                        "assembler": "spades_single"
                    },
                    "test1.assembly.gfa.gz:md5,369329ea1ce204e4ca6786ba62cd3f24"
                ],
                [
                    {
                        "id": "test2",
                        "group": "1",
                        "single_end": false,
                        "assembler": "megahit_single"
                    },
                    "test2.gfa.gz:md5,119147918b77fa63fffac41ff4203e8c"
                ],
                [
                    {
                        "id": "test2",
                        "group": "1",
                        "single_end": false,
                        "assembler": "spades_single"
                    },
                    "test2.assembly.gfa.gz:md5,d24f1f3331edcbbcd5e0e299db2abe55"
                ]
            ],
            [
                "versions.yml:md5,0f6c13d714f06c72ec4d2c1d826cde3d",
                "versions.yml:md5,3dd125d7dfc9d974f05284344bcc4332",
                "versions.yml:md5,9549e86557bb75c5efd49c755ba8d0e9",
                "versions.yml:md5,9549e86557bb75c5efd49c755ba8d0e9",
                "versions.yml:md5,c24023dec295e94b9ffc0481993af2ab",
                "versions.yml:md5,c24023dec295e94b9ffc0481993af2ab",
                "versions.yml:md5,e2b9d66aa650af835f6b3423bf185f06",
                "versions.yml:md5,e2b9d66aa650af835f6b3423bf185f06",
                "versions.yml:md5,f4dda6dc8b98419bd6adf3fd65938f1c",
                "versions.yml:md5,f71be9bdf17bb2d291caaf9cb8f3960c"
            ]
        ],
        "meta": {
            "nf-test": "0.9.0",
            "nextflow": "24.04.4"
        },
        "timestamp": "2024-09-09T09:36:14.679090926"
    },
    "sarscov2 - fastq - paired_end - contigs": {
        "content": [
            [
                [
                    {
                        "id": "group-1",
                        "group": "1",
                        "single_end": false,
                        "assembler": "megahit_coassembly",
                        "mink": "21",
                        "maxk": "141"
                    },
                    "group-1.contigs.fa.gz:md5,da40ccf271166ccfc233e70adb0a23ae"
                ],
                [
                    {
                        "id": "group-1",
                        "group": "1",
                        "single_end": false,
                        "assembler": "penguin_coassembly"
                    },
                    "group-1.fasta.gz:md5,fcca93c83faefb62ef5377f6ac1a359a"
                ],
                [
                    {
                        "id": "group-1",
                        "group": "1",
                        "single_end": false,
                        "assembler": "spades_coassembly",
                        "mink": "",
                        "maxk": ""
                    },
                    "group-1.contigs.fa.gz:md5,11c451821e7feb37b1434fb9d1c16fc9"
                ]
            ],
            [
                [
                    {
                        "id": "group-1",
                        "group": "1",
                        "single_end": false,
                        "assembler": "megahit_coassembly"
                    },
                    "group-1.gfa.gz:md5,d4584dba4434d9f211c245590bdaf66d"
                ],
                [
                    {
                        "id": "group-1",
                        "group": "1",
                        "single_end": false,
                        "assembler": "spades_coassembly"
                    },
                    "group-1.assembly.gfa.gz:md5,cd910f74924befb5baf9f78019f8b5fd"
                ],
                [
                    {
                        "id": "test1",
                        "group": "1",
                        "single_end": false,
                        "assembler": "megahit_single"
                    },
                    "test1.gfa.gz:md5,ab7bc2030a891ed81a3f96a78e5b9f50"
                ],
                [
                    {
                        "id": "test1",
                        "group": "1",
                        "single_end": false,
                        "assembler": "spades_single"
                    },
                    "test1.assembly.gfa.gz:md5,369329ea1ce204e4ca6786ba62cd3f24"
                ],
                [
                    {
                        "id": "test2",
                        "group": "1",
                        "single_end": false,
                        "assembler": "megahit_single"
                    },
                    "test2.gfa.gz:md5,119147918b77fa63fffac41ff4203e8c"
                ],
                [
                    {
                        "id": "test2",
                        "group": "1",
                        "single_end": false,
                        "assembler": "spades_single"
                    },
                    "test2.assembly.gfa.gz:md5,d24f1f3331edcbbcd5e0e299db2abe55"
                ]
            ],
            [
                "versions.yml:md5,0f6c13d714f06c72ec4d2c1d826cde3d",
                "versions.yml:md5,3dd125d7dfc9d974f05284344bcc4332",
                "versions.yml:md5,9549e86557bb75c5efd49c755ba8d0e9",
                "versions.yml:md5,9549e86557bb75c5efd49c755ba8d0e9",
                "versions.yml:md5,c24023dec295e94b9ffc0481993af2ab",
                "versions.yml:md5,c24023dec295e94b9ffc0481993af2ab",
                "versions.yml:md5,e2b9d66aa650af835f6b3423bf185f06",
                "versions.yml:md5,e2b9d66aa650af835f6b3423bf185f06",
                "versions.yml:md5,f4dda6dc8b98419bd6adf3fd65938f1c",
                "versions.yml:md5,f71be9bdf17bb2d291caaf9cb8f3960c"
            ]
        ],
        "meta": {
            "nf-test": "0.9.0",
            "nextflow": "24.04.4"
        },
        "timestamp": "2024-09-09T09:33:07.773996834"
    }
}